<html>
<body>
<pre>
<h1>礦ision Build Log</h1>
<h2>Tool Versions:</h2>
IDE-Version: μVision V5.29.0.0
Copyright (C) 2019 ARM Ltd and ARM Germany GmbH. All rights reserved.
License Information: 11 Lenovo, 11, LIC=76F5U-ST01K-12HLE-5VM71-E1BVA-A7PD4
 
Tool Versions:
Toolchain:       MDK-ARM Plus  Version: 5.29.0.0
Toolchain Path:  E:\Embedded_System\Environment\Keil\ARM\ARMCC\Bin
C Compiler:      Armcc.exe V5.06 update 6 (build 750)
Assembler:       Armasm.exe V5.06 update 6 (build 750)
Linker/Locator:  ArmLink.exe V5.06 update 6 (build 750)
Library Manager: ArmAr.exe V5.06 update 6 (build 750)
Hex Converter:   FromElf.exe V5.06 update 6 (build 750)
CPU DLL:         SARMCM3.DLL V5.29.0.0
Dialog DLL:      DCM.DLL V1.17.3.0
Target DLL:      STLink\ST-LINKIII-KEIL_SWO.dll V3.0.7.0
Dialog DLL:      TCM.DLL V1.36.5.0
 
<h2>Project:</h2>
E:\Project\diansai\25\自行修改函数\Fly_BackUp\13（与maxicam通信,mode1_and_mode_2）\整机到手飞使用代码\CarryPilot_For_LaunchPad_20241010_Released\CarryPilot.uvprojx
Project File Date:  07/31/2025

<h2>Output:</h2>
*** Using Compiler 'V5.06 update 6 (build 750)', folder: 'E:\Embedded_System\Environment\Keil\ARM\ARMCC\Bin'
Build target 'CarryPilot_LaunchPad_V7.0.1'
compiling OpticalFlow_LC306.c...
compiling Bling.c...
compiling main.c...
compiling Ringbuf.c...
compiling IST8310.c...
compiling Filter.c...
compiling PPM.c...
compiling GPS.c...
compiling Key.c...
compiling RC.c...
compiling ICM2068X.c...
compiling OLED.c...
compiling CalibrationRoutines.c...
compiling Calibration.c...
compiling Schedule.c...
compiling Time_Cnt.c...
compiling US_100.c...
compiling SPL06.c...
compiling SYSTEM.c...
compiling Usart.c...
compiling Soft_I2C.c...
compiling QMC5883.c...
compiling WP_ADC.c...
compiling WP_PWM.c...
compiling tfmini.c...
compiling wp_flash.c...
compiling WP_Math.c...
compiling TOFSensor.c...
compiling Compass.c...
compiling Reserved_IO.c...
compiling ssd1306.c...
compiling LSN10.c...
compiling speaker.c...
compiling Reserved_Serialport.c...
compiling NCLink.c...
compiling Earth_Declination.c...
compiling Sensor.c...
compiling control_land.c...
compiling control_althold.c...
compiling License.c...
compiling control_poshold.c...
compiling WP_Ctrl.c...
compiling OpticalFlow_Control.c...
compiling PID.c...
compiling SINS.c...
compiling NamelessCotrun_OpticalFlow.c...
compiling Temperature_Ctrl.c...
compiling ADC_Button.c...
compiling NamelessCotrun_SDK.c...
compiling Developer_Mode.c...
compiling Subtask_Demo.c...
linking...
Program Size: Code=218692 RO-data=13240 RW-data=6764 ZI-data=25316  
FromELF: creating hex file...
After Build - User command #2: fromelf --bin -o "E:\Project\diansai\25\自行修改函数\Fly_BackUp\13（与maxicam通信,mode1_and_mode_2）\整机到手飞使用代码\CarryPilot_For_LaunchPad_20241010_Released\Output\TIFLY_V3.bin" "E:\Project\diansai\25\自行修改函数\Fly_BackUp\13（与maxicam通信,mode1_and_mode_2）\整机到手飞使用代码\CarryPilot_For_LaunchPad_20241010_Released\Output\TIFLY_V3.axf"
".\Output\TIFLY_V3.axf" - 0 Error(s), 0 Warning(s).

<h2>Software Packages used:</h2>

Package Vendor: Keil
                http://www.keil.com/pack/Keil.TM4C_DFP.1.1.0.pack
                Keil.TM4C_DFP.1.1.0
                Texas Instruments Tiva C Series Device Support and Examples

<h2>Collection of Component include folders:</h2>
  .\RTE\_CarryPilot_LaunchPad_V7.0.1
  E:\Embedded_System\Environment\Keil\Keil\TM4C_DFP\1.1.0\Device\Include\TM4C123

<h2>Collection of Component Files used:</h2>
Build Time Elapsed:  00:00:03
</pre>
</body>
</html>
